// Jest Snapshot v1, https://goo.gl/fbAQLP

exports[`Login page testing Snapshot test when login componet was created 1`] = `
Object {
  "asFragment": [Function],
  "baseElement": <body>
    <div>
      <div
        class="authForm"
      >
        <div
          class="container"
        >
          <div
            class="row d-flex justify-content-center"
          >
            <div
              class="col-md-4"
            >
              <form
                id="loginform"
              >
                <div
                  class="form-group"
                >
                  <select
                    class="form-select form-select-lg"
                    data-testid="cred"
                    name="cred"
                  >
                    <option
                      value=""
                    >
                      Please select a user...
                    </option>
                  </select>
                </div>
                <button
                  class="btn btn-primary mt-2"
                  data-testid="submitButton"
                  disabled=""
                  type="submit"
                >
                  Submit
                </button>
              </form>
            </div>
          </div>
        </div>
      </div>
    </div>
  </body>,
  "container": <div>
    <div
      class="authForm"
    >
      <div
        class="container"
      >
        <div
          class="row d-flex justify-content-center"
        >
          <div
            class="col-md-4"
          >
            <form
              id="loginform"
            >
              <div
                class="form-group"
              >
                <select
                  class="form-select form-select-lg"
                  data-testid="cred"
                  name="cred"
                >
                  <option
                    value=""
                  >
                    Please select a user...
                  </option>
                </select>
              </div>
              <button
                class="btn btn-primary mt-2"
                data-testid="submitButton"
                disabled=""
                type="submit"
              >
                Submit
              </button>
            </form>
          </div>
        </div>
      </div>
    </div>
  </div>,
  "debug": [Function],
  "findAllByAltText": [Function],
  "findAllByDisplayValue": [Function],
  "findAllByLabelText": [Function],
  "findAllByPlaceholderText": [Function],
  "findAllByRole": [Function],
  "findAllByTestId": [Function],
  "findAllByText": [Function],
  "findAllByTitle": [Function],
  "findByAltText": [Function],
  "findByDisplayValue": [Function],
  "findByLabelText": [Function],
  "findByPlaceholderText": [Function],
  "findByRole": [Function],
  "findByTestId": [Function],
  "findByText": [Function],
  "findByTitle": [Function],
  "getAllByAltText": [Function],
  "getAllByDisplayValue": [Function],
  "getAllByLabelText": [Function],
  "getAllByPlaceholderText": [Function],
  "getAllByRole": [Function],
  "getAllByTestId": [Function],
  "getAllByText": [Function],
  "getAllByTitle": [Function],
  "getByAltText": [Function],
  "getByDisplayValue": [Function],
  "getByLabelText": [Function],
  "getByPlaceholderText": [Function],
  "getByRole": [Function],
  "getByTestId": [Function],
  "getByText": [Function],
  "getByTitle": [Function],
  "queryAllByAltText": [Function],
  "queryAllByDisplayValue": [Function],
  "queryAllByLabelText": [Function],
  "queryAllByPlaceholderText": [Function],
  "queryAllByRole": [Function],
  "queryAllByTestId": [Function],
  "queryAllByText": [Function],
  "queryAllByTitle": [Function],
  "queryByAltText": [Function],
  "queryByDisplayValue": [Function],
  "queryByLabelText": [Function],
  "queryByPlaceholderText": [Function],
  "queryByRole": [Function],
  "queryByTestId": [Function],
  "queryByText": [Function],
  "queryByTitle": [Function],
  "rerender": [Function],
  "unmount": [Function],
}
`;
